\BOOKMARK [0][-]{chapter*.8}{\376\377\000I\000n\000t\000r\000o\000d\000u\000c\000t\000i\000o\000n\000\040\000g\000\351\000n\000\351\000r\000a\000l\000e}{}% 1
\BOOKMARK [0][-]{chapter.1}{\376\377\000C\000o\000n\000t\000e\000x\000t\000e\000\040\000e\000t\000\040\000e\000n\000v\000i\000r\000o\000n\000n\000e\000m\000e\000n\000t\000\040\000d\000u\000\040\000p\000r\000o\000j\000e\000t}{}% 2
\BOOKMARK [1][-]{section.1.1}{\376\377\000P\000r\000\351\000s\000e\000n\000t\000a\000t\000i\000o\000n\000\040\000d\000e\000\040\000l\000'\000o\000r\000g\000a\000n\000i\000s\000m\000e\000\040\000d\000'\000a\000c\000c\000u\000e\000i\000l}{chapter.1}% 3
\BOOKMARK [1][-]{section.1.2}{\376\377\000O\000r\000g\000a\000n\000i\000s\000a\000t\000i\000o\000n\000\040\000e\000t\000\040\000e\000n\000v\000i\000r\000o\000n\000n\000e\000m\000e\000n\000t\000\040\000d\000e\000\040\000t\000r\000a\000v\000a\000i\000l}{chapter.1}% 4
\BOOKMARK [1][-]{section.1.3}{\376\377\000C\000o\000n\000t\000e\000x\000t\000e\000\040\000e\000t\000\040\000p\000r\000o\000b\000l\000\351\000m\000a\000t\000i\000q\000u\000e\000\040\000d\000u\000\040\000p\000r\000o\000j\000e\000t}{chapter.1}% 5
\BOOKMARK [1][-]{section.1.4}{\376\377\000O\000b\000j\000e\000c\000t\000i\000f\000s\000\040\000e\000t\000\040\000p\000\351\000r\000i\000m\000\350\000t\000r\000e\000\040\000d\000e\000\040\000l\000a\000\040\000V\0001}{chapter.1}% 6
\BOOKMARK [1][-]{section.1.5}{\376\377\000D\000\351\000m\000a\000r\000c\000h\000e\000\040\000e\000t\000\040\000t\000r\000a\000v\000a\000u\000x\000\040\000r\000\351\000a\000l\000i\000s\000\351\000s}{chapter.1}% 7
\BOOKMARK [0][-]{chapter.2}{\376\377\000\311\000t\000u\000d\000e\000\040\000d\000e\000\040\000m\000a\000r\000c\000h\000\351\000\040\000e\000t\000\040\000\351\000t\000a\000t\000\040\000d\000e\000\040\000l\000'\000a\000r\000t}{}% 8
\BOOKMARK [1][-]{section.2.1}{\376\377\000D\000o\000m\000a\000i\000n\000e\000\040\000d\000e\000\040\000l\000a\000\040\000g\000e\000s\000t\000i\000o\000n\000\040\000d\000e\000s\000\040\000d\000e\000m\000a\000n\000d\000e\000s\000\040\000t\000e\000c\000h\000n\000i\000q\000u\000e\000s}{chapter.2}% 9
\BOOKMARK [1][-]{section.2.2}{\376\377\000S\000o\000l\000u\000t\000i\000o\000n\000s\000\040\000e\000x\000i\000s\000t\000a\000n\000t\000e\000s}{chapter.2}% 10
\BOOKMARK [1][-]{section.2.3}{\376\377\000C\000r\000i\000t\000\350\000r\000e\000s\000\040\000d\000e\000\040\000c\000o\000m\000p\000a\000r\000a\000i\000s\000o\000n}{chapter.2}% 11
\BOOKMARK [1][-]{section.2.4}{\376\377\000C\000o\000m\000p\000a\000r\000a\000i\000s\000o\000n\000\040\000d\000e\000s\000\040\000s\000o\000l\000u\000t\000i\000o\000n\000s}{chapter.2}% 12
\BOOKMARK [1][-]{section.2.5}{\376\377\000\311\000t\000a\000t\000\040\000d\000e\000\040\000l\000'\000a\000r\000t\000\040\000t\000e\000c\000h\000n\000o\000l\000o\000g\000i\000q\000u\000e}{chapter.2}% 13
\BOOKMARK [1][-]{section.2.6}{\376\377\000P\000o\000s\000i\000t\000i\000o\000n\000n\000e\000m\000e\000n\000t\000\040\000d\000u\000\040\000p\000r\000o\000j\000e\000t}{chapter.2}% 14
\BOOKMARK [0][-]{chapter.3}{\376\377\000C\000a\000d\000r\000e\000\040\000t\000h\000\351\000o\000r\000i\000q\000u\000e\000\040\000e\000t\000\040\000a\000n\000a\000l\000y\000t\000i\000q\000u\000e}{}% 15
\BOOKMARK [1][-]{section.3.1}{\376\377\000D\000\351\000m\000a\000r\000c\000h\000e\000\040\000d\000'\000a\000n\000a\000l\000y\000s\000e\000\040\000e\000t\000\040\000d\000e\000\040\000c\000o\000n\000c\000e\000p\000t\000i\000o\000n}{chapter.3}% 16
\BOOKMARK [1][-]{section.3.2}{\376\377\000P\000\351\000r\000i\000m\000\350\000t\000r\000e\000\040\000f\000o\000n\000c\000t\000i\000o\000n\000n\000e\000l\000\040\000V\0001}{chapter.3}% 17
\BOOKMARK [1][-]{section.3.3}{\376\377\000A\000c\000t\000e\000u\000r\000s\000\040\000e\000t\000\040\000r\000e\000s\000p\000o\000n\000s\000a\000b\000i\000l\000i\000t\000\351\000s}{chapter.3}% 18
\BOOKMARK [1][-]{section.3.4}{\376\377\000P\000e\000r\000m\000i\000s\000s\000i\000o\000n\000s\000\040\000e\000t\000\040\000r\000\350\000g\000l\000e\000s\000\040\000m\000\351\000t\000i\000e\000r}{chapter.3}% 19
\BOOKMARK [1][-]{section.3.5}{\376\377\000C\000a\000t\000\351\000g\000o\000r\000i\000e\000s\000\040\000e\000t\000\040\000p\000r\000i\000o\000r\000i\000t\000\351\000s}{chapter.3}% 20
\BOOKMARK [1][-]{section.3.6}{\376\377\000C\000y\000c\000l\000e\000\040\000d\000e\000\040\000v\000i\000e\000\040\000d\000'\000u\000n\000e\000\040\000d\000e\000m\000a\000n\000d\000e}{chapter.3}% 21
\BOOKMARK [1][-]{section.3.7}{\376\377\000C\000a\000s\000\040\000d\000'\000u\000t\000i\000l\000i\000s\000a\000t\000i\000o\000n\000\040\000g\000l\000o\000b\000a\000l}{chapter.3}% 22
\BOOKMARK [1][-]{section.3.8}{\376\377\000S\000p\000\351\000c\000i\000f\000i\000c\000a\000t\000i\000o\000n\000s\000\040\000d\000\351\000t\000a\000i\000l\000l\000\351\000e\000s\000\040\000d\000e\000s\000\040\000c\000a\000s\000\040\000d\000'\000u\000t\000i\000l\000i\000s\000a\000t\000i\000o\000n}{chapter.3}% 23
\BOOKMARK [1][-]{section.3.9}{\376\377\000M\000o\000d\000\350\000l\000e\000\040\000d\000e\000\040\000c\000l\000a\000s\000s\000e\000s\000\040\000m\000\351\000t\000i\000e\000r}{chapter.3}% 24
\BOOKMARK [1][-]{section.3.10}{\376\377\000D\000i\000a\000g\000r\000a\000m\000m\000e\000s\000\040\000d\000e\000\040\000s\000\351\000q\000u\000e\000n\000c\000e\000\040\000m\000\351\000t\000i\000e\000r}{chapter.3}% 25
\BOOKMARK [1][-]{section.3.11}{\376\377\000P\000l\000a\000c\000e\000\040\000f\000o\000n\000c\000t\000i\000o\000n\000n\000e\000l\000l\000e\000\040\000d\000e\000\040\000l\000'\000I\000A}{chapter.3}% 26
\BOOKMARK [1][-]{section.3.12}{\376\377\000A\000r\000c\000h\000i\000t\000e\000c\000t\000u\000r\000e\000\040\000t\000e\000c\000h\000n\000i\000q\000u\000e}{chapter.3}% 27
\BOOKMARK [1][-]{section.3.13}{\376\377\000C\000o\000n\000c\000e\000p\000t\000i\000o\000n\000\040\000d\000e\000\040\000l\000a\000\040\000p\000e\000r\000s\000i\000s\000t\000a\000n\000c\000e}{chapter.3}% 28
\BOOKMARK [1][-]{section.3.14}{\376\377\000A\000P\000I\000\040\000e\000t\000\040\000c\000o\000n\000t\000r\000a\000t\000s\000\040\000a\000p\000p\000l\000i\000c\000a\000t\000i\000f\000s}{chapter.3}% 29
\BOOKMARK [1][-]{section.3.15}{\376\377\000C\000o\000n\000c\000e\000p\000t\000i\000o\000n\000\040\000d\000e\000\040\000l\000a\000\040\000s\000\351\000c\000u\000r\000i\000t\000\351}{chapter.3}% 30
\BOOKMARK [1][-]{section.3.16}{\376\377\000C\000o\000n\000c\000e\000p\000t\000i\000o\000n\000\040\000t\000e\000c\000h\000n\000i\000q\000u\000e\000\040\000d\000u\000\040\000m\000o\000d\000u\000l\000e\000\040\000I\000A}{chapter.3}% 31
\BOOKMARK [0][-]{chapter.4}{\376\377\000I\000m\000p\000l\000\351\000m\000e\000n\000t\000a\000t\000i\000o\000n\000\040\000e\000t\000\040\000m\000i\000s\000e\000\040\000e\000n\000\040\000p\000r\000a\000t\000i\000q\000u\000e}{}% 32
\BOOKMARK [1][-]{section.4.1}{\376\377\000E\000n\000v\000i\000r\000o\000n\000n\000e\000m\000e\000n\000t\000\040\000r\000\351\000e\000l\000\040\000d\000e\000\040\000d\000\351\000v\000e\000l\000o\000p\000p\000e\000m\000e\000n\000t}{chapter.4}% 33
\BOOKMARK [1][-]{section.4.2}{\376\377\000I\000m\000p\000l\000\351\000m\000e\000n\000t\000a\000t\000i\000o\000n\000\040\000d\000u\000\040\000b\000a\000c\000k\000e\000n\000d}{chapter.4}% 34
\BOOKMARK [1][-]{section.4.3}{\376\377\000I\000m\000p\000l\000\351\000m\000e\000n\000t\000a\000t\000i\000o\000n\000\040\000d\000e\000\040\000l\000'\000i\000n\000t\000e\000r\000f\000a\000c\000e\000\040\000w\000e\000b}{chapter.4}% 35
\BOOKMARK [1][-]{section.4.4}{\376\377\000P\000e\000r\000s\000i\000s\000t\000a\000n\000c\000e\000\040\000d\000e\000s\000\040\000d\000o\000n\000n\000\351\000e\000s}{chapter.4}% 36
\BOOKMARK [1][-]{section.4.5}{\376\377\000S\000\351\000c\000u\000r\000i\000t\000\351\000\040\000a\000p\000p\000l\000i\000c\000a\000t\000i\000v\000e}{chapter.4}% 37
\BOOKMARK [1][-]{section.4.6}{\376\377\000I\000n\000t\000\351\000g\000r\000a\000t\000i\000o\000n\000\040\000d\000u\000\040\000m\000o\000d\000u\000l\000e\000\040\000I\000A}{chapter.4}% 38
\BOOKMARK [1][-]{section.4.7}{\376\377\000G\000e\000s\000t\000i\000o\000n\000\040\000d\000e\000s\000\040\000e\000r\000r\000e\000u\000r\000s\000\040\000e\000t\000\040\000c\000a\000s\000\040\000l\000i\000m\000i\000t\000e\000s}{chapter.4}% 39
\BOOKMARK [1][-]{section.4.8}{\376\377\000T\000e\000s\000t\000s\000\040\000u\000n\000i\000t\000a\000i\000r\000e\000s\000\040\000e\000t\000\040\000d\000'\000i\000n\000t\000\351\000g\000r\000a\000t\000i\000o\000n}{chapter.4}% 40
\BOOKMARK [1][-]{section.4.9}{\376\377\000V\000a\000l\000i\000d\000a\000t\000i\000o\000n\000\040\000f\000o\000n\000c\000t\000i\000o\000n\000n\000e\000l\000l\000e}{chapter.4}% 41
\BOOKMARK [1][-]{section.4.10}{\376\377\000R\000\351\000s\000u\000l\000t\000a\000t\000s\000\040\000e\000t\000\040\000a\000n\000a\000l\000y\000s\000e\000\040\000c\000r\000i\000t\000i\000q\000u\000e}{chapter.4}% 42
\BOOKMARK [0][-]{chapter*.9}{\376\377\000C\000o\000n\000c\000l\000u\000s\000i\000o\000n\000\040\000g\000\351\000n\000\351\000r\000a\000l\000e}{}% 43
\BOOKMARK [0][-]{appendix*.10}{\376\377\000A\000n\000n\000e\000x\000e\000s}{}% 44
\BOOKMARK [0][-]{appendix*.11}{\376\377\000R\000\351\000f\000\351\000r\000e\000n\000c\000e\000s}{}% 45
